0.000u 0.000s 0:00.00 0.0%	0+0k 0+0io 0pf+0w
Starting DX user interface
